// Jest Snapshot v1, https://goo.gl/fbAQLP

exports[`Tag Component renders 1`] = `
<li
  className="tagcomponent"
  data-testid="test-tag1"
>
  <span
    data-testid="test-text1"
  >
    Hello
  </span>
  <button
    data-testid="test-deletebutton1"
    onClick={[Function]}
  >
    x
  </button>
</li>
`;
